RockWeb\Assets\FamilyManagerThemes\RockDefault\background.png
RockWeb\Assets\FamilyManagerThemes\RockDefault\photo-adult-female.png
RockWeb\Assets\FamilyManagerThemes\RockDefault\photo-adult-male.png
RockWeb\Assets\FamilyManagerThemes\RockDefault\photo-child-female.png
RockWeb\Assets\FamilyManagerThemes\RockDefault\photo-child-male.png
RockWeb\Assets\FamilyManagerThemes\RockDefault\rock-logo.png
RockWeb\Blocks\Cms\ShortLinkDetail.ascx
RockWeb\Blocks\Cms\ShortLinkDetail.ascx.cs
RockWeb\Blocks\Core\AssetStorageProviderDetail.ascx
RockWeb\Blocks\Core\AssetStorageProviderDetail.ascx.cs
RockWeb\Blocks\Core\ScheduleDetail.ascx
RockWeb\Blocks\Core\ScheduleDetail.ascx.cs
RockWeb\Blocks\Crm\FamilyPreRegistration.ascx
RockWeb\Blocks\Crm\FamilyPreRegistration.ascx.cs
RockWeb\Blocks\Finance\BatchDetail.ascx
RockWeb\Blocks\Finance\BatchDetail.ascx.cs
RockWeb\Blocks\Follow\EventDetail.ascx
RockWeb\Blocks\Follow\EventDetail.ascx.cs
RockWeb\Blocks\Groups\GroupRegistration.ascx
RockWeb\Blocks\Groups\GroupRegistration.ascx.cs
RockWeb\Blocks\Streaks\StreakTypeDetail.ascx
RockWeb\Blocks\Streaks\StreakTypeDetail.ascx.cs
RockWeb\Scripts\plyr\3.6.8\README
RockWeb\Scripts\plyr\3.6.8\hls.min.js
RockWeb\Scripts\plyr\3.6.8\plyr.min.css
RockWeb\Scripts\plyr\3.6.8\plyr.min.js
RockWeb\Styles\_blocks-checkinadmin.less
RockWeb\Styles\_blocks-prayer.less
RockWeb\Styles\_dashboard.less
RockWeb\Styles\rock-components\active-users.less
RockWeb\Styles\rock-components\form-builder.less
RockWeb\Obsidian\Blocks\Cms\contentCollectionDetail.js
RockWeb\Obsidian\Blocks\Cms\contentCollectionView.js
RockWeb\Obsidian\Blocks\Cms\contentCollectionViewCustomSettings.js
RockWeb\Obsidian\Blocks\Cms\mediaAccountDetail.js
RockWeb\Obsidian\Blocks\Cms\mediaFolderDetail.js
RockWeb\Obsidian\Blocks\Cms\persistedDatasetDetail.js
RockWeb\Obsidian\Blocks\Cms\personalLinkSectionDetail.js
RockWeb\Obsidian\Blocks\Core\attributes.js
RockWeb\Obsidian\Blocks\Core\campusDetail.js
RockWeb\Obsidian\Blocks\Crm\assessmentTypeDetail.js
RockWeb\Obsidian\Blocks\Crm\attributeValues.js
RockWeb\Obsidian\Blocks\Crm\PersonDetail\badges.js
RockWeb\Obsidian\Blocks\Engagement\Steps\stepFlow.js
RockWeb\Obsidian\Blocks\Example\fieldTypeGallery.js
RockWeb\Obsidian\Blocks\Example\personDetail.js
RockWeb\Obsidian\Blocks\Example\personSecondary.js
RockWeb\Obsidian\Blocks\Finance\transactionEntry.js
RockWeb\Obsidian\Blocks\Security\divider.obs.js
RockWeb\Obsidian\Blocks\Utility\starkDetail.js
RockWeb\Obsidian\Blocks\WorkFlow\FormBuilder\formBuilderDetail.js
RockWeb\Obsidian\Blocks\WorkFlow\FormBuilder\formTemplateDetail.js
RockWeb\Obsidian\Blocks\WorkFlow\FormBuilder\Shared\completionSettings.js
RockWeb\Obsidian\Blocks\WorkFlow\FormBuilder\Shared\confirmationEmail.js
RockWeb\Obsidian\Blocks\WorkFlow\FormBuilder\Shared\emailSource.js
RockWeb\Obsidian\Blocks\WorkFlow\FormBuilder\Shared\personEntrySettings.js
RockWeb\Obsidian\Blocks\WorkFlow\FormBuilder\Shared\segmentedPicker.js
RockWeb\Obsidian\Controls\achievementTypePicker.js
RockWeb\Obsidian\Controls\assessmentTypePicker.js
RockWeb\Obsidian\Controls\assetStorageProviderPicker.js
RockWeb\Obsidian\Controls\attributeEditor.js
RockWeb\Obsidian\Controls\attributeValuesContainer.js
RockWeb\Obsidian\Controls\auditDetail.js
RockWeb\Obsidian\Controls\badgeComponentPicker.js
RockWeb\Obsidian\Controls\badgeList.js
RockWeb\Obsidian\Controls\badgePicker.js
RockWeb\Obsidian\Controls\baseAsyncPicker.js
RockWeb\Obsidian\Controls\basicTimePicker.js
RockWeb\Obsidian\Controls\binaryFilePicker.js
RockWeb\Obsidian\Controls\binaryFileTypePicker.js
RockWeb\Obsidian\Controls\birthdayPicker.js
RockWeb\Obsidian\Controls\categoryPicker.js
RockWeb\Obsidian\Controls\checkBox.js
RockWeb\Obsidian\Controls\checkBoxList.js
RockWeb\Obsidian\Controls\codeEditor.js
RockWeb\Obsidian\Controls\colorPicker.js
RockWeb\Obsidian\Controls\componentFromUrl.js
RockWeb\Obsidian\Controls\componentPicker.js
RockWeb\Obsidian\Controls\connectionRequestPicker.js
RockWeb\Obsidian\Controls\copyButton.js
RockWeb\Obsidian\Controls\countdownTimer.js
RockWeb\Obsidian\Controls\currencyBox.js
RockWeb\Obsidian\Controls\dataViewPicker.js
RockWeb\Obsidian\Controls\datePartsPicker.js
RockWeb\Obsidian\Controls\dateRangePicker.js
RockWeb\Obsidian\Controls\dateTimePicker.js
RockWeb\Obsidian\Controls\dialog.js
RockWeb\Obsidian\Controls\dropDownList.js
RockWeb\Obsidian\Controls\electronicSignature.js
RockWeb\Obsidian\Controls\emailBox.js
RockWeb\Obsidian\Controls\entityTagList.js
RockWeb\Obsidian\Controls\entityTypePicker.js
RockWeb\Obsidian\Controls\eventItemPicker.js
RockWeb\Obsidian\Controls\fieldFilterContainer.js
RockWeb\Obsidian\Controls\fieldFilterEditor.js
RockWeb\Obsidian\Controls\fieldFilterRuleRow.js
RockWeb\Obsidian\Controls\fieldTypeEditor.js
RockWeb\Obsidian\Controls\fieldTypePicker.js
RockWeb\Obsidian\Controls\fileUploader.js
RockWeb\Obsidian\Controls\financialGatewayPicker.js
RockWeb\Obsidian\Controls\financialStatementTemplatePicker.js
RockWeb\Obsidian\Controls\following.js
RockWeb\Obsidian\Controls\fullscreen.js
RockWeb\Obsidian\Controls\gatewayControl.js
RockWeb\Obsidian\Controls\genderDropDownList.js
RockWeb\Obsidian\Controls\gradePicker.js
RockWeb\Obsidian\Controls\groupMemberPicker.js
RockWeb\Obsidian\Controls\groupPicker.js
RockWeb\Obsidian\Controls\helpBlock.js
RockWeb\Obsidian\Controls\imageUploader.js
RockWeb\Obsidian\Controls\inlineCheckBox.js
RockWeb\Obsidian\Controls\inlineSwitch.js
RockWeb\Obsidian\Controls\interactionChannelPicker.js
RockWeb\Obsidian\Controls\interactionComponentPicker.js
RockWeb\Obsidian\Controls\itemsWithPreAndPostHtml.js
RockWeb\Obsidian\Controls\javaScriptAnchor.js
RockWeb\Obsidian\Controls\keyValueList.js
RockWeb\Obsidian\Controls\lavaCommandPicker.js
RockWeb\Obsidian\Controls\listBox.js
RockWeb\Obsidian\Controls\loading.js
RockWeb\Obsidian\Controls\loadingIndicator.js
RockWeb\Obsidian\Controls\locationItemPicker.js
RockWeb\Obsidian\Controls\mergeTemplatePicker.js
RockWeb\Obsidian\Controls\metricCategoryPicker.js
RockWeb\Obsidian\Controls\metricItemPicker.js
RockWeb\Obsidian\Controls\modal.js
RockWeb\Obsidian\Controls\myWellGatewayControl.js
RockWeb\Obsidian\Controls\nmiGatewayControl.js
RockWeb\Obsidian\Controls\numberBox.js
RockWeb\Obsidian\Controls\numberRangeBox.js
RockWeb\Obsidian\Controls\numberUpDown.js
RockWeb\Obsidian\Controls\numberUpDownGroup.js
RockWeb\Obsidian\Controls\pageDebugTimings.js
RockWeb\Obsidian\Controls\panel.js
RockWeb\Obsidian\Controls\panelWidget.js
RockWeb\Obsidian\Controls\personPicker.js
RockWeb\Obsidian\Controls\primaryBlock.js
RockWeb\Obsidian\Controls\progressBar.js
RockWeb\Obsidian\Controls\progressTracker.js
RockWeb\Obsidian\Controls\radioButtonList.js
RockWeb\Obsidian\Controls\rating.js
RockWeb\Obsidian\Controls\registrationTemplatePicker.js
RockWeb\Obsidian\Controls\remoteAuthsPicker.js
RockWeb\Obsidian\Controls\reportPicker.js
RockWeb\Obsidian\Controls\rockAttributeFilter.js
RockWeb\Obsidian\Controls\rockButton.js
RockWeb\Obsidian\Controls\rockField.js
RockWeb\Obsidian\Controls\rockForm.js
RockWeb\Obsidian\Controls\rockFormField.js
RockWeb\Obsidian\Controls\rockFormFieldError.js
RockWeb\Obsidian\Controls\rockLabel.js
RockWeb\Obsidian\Controls\rockSuspense.js
RockWeb\Obsidian\Controls\rockValidation.js
RockWeb\Obsidian\Controls\saveFinancialAccountForm.js
RockWeb\Obsidian\Controls\schedulePicker.js
RockWeb\Obsidian\Controls\secondaryBlock.js
RockWeb\Obsidian\Controls\sectionContainer.js
RockWeb\Obsidian\Controls\sectionHeader.js
RockWeb\Obsidian\Controls\socialSecurityNumberBox.js
RockWeb\Obsidian\Controls\staticFormControl.js
RockWeb\Obsidian\Controls\stepProgramPicker.js
RockWeb\Obsidian\Controls\stepStatusPicker.js
RockWeb\Obsidian\Controls\stepTypePicker.js
RockWeb\Obsidian\Controls\streakTypePicker.js
RockWeb\Obsidian\Controls\switch.js
RockWeb\Obsidian\Controls\tabbedContent.js
RockWeb\Obsidian\Controls\testGatewayControl.js
RockWeb\Obsidian\Controls\textBox.js
RockWeb\Obsidian\Controls\timePicker.js
RockWeb\Obsidian\Controls\toggle.js
RockWeb\Obsidian\Controls\transitionVerticalCollapse.js
RockWeb\Obsidian\Controls\treeList.js
RockWeb\Obsidian\Controls\urlLinkBox.js
RockWeb\Obsidian\Controls\valueDetailList.js
RockWeb\Obsidian\Controls\workflowTypePicker.js
